// Jest Snapshot v1, https://goo.gl/fbAQLP

exports[`Given a RegisterPage component page When it's invoked Then it should always match this snapshot 1`] = `
<div
  className="sc-bczRLJ jXcOHX"
>
  <main
    className="MuiContainer-root MuiContainer-maxWidthXs css-nzinn5-MuiContainer-root"
  >
    <div
      className="MuiBox-root css-1lhe3be"
    >
      <div
        className="avatars-container"
      >
        <div
          className="MuiAvatar-root MuiAvatar-circular css-3cgv3-MuiAvatar-root"
        >
          <img
            alt="Doberman avatar icon"
            className="MuiAvatar-img css-1pqm26d-MuiAvatar-img"
            src="../../images/doberman.webp"
          />
        </div>
        <div
          className="MuiAvatar-root MuiAvatar-circular css-3cgv3-MuiAvatar-root"
        >
          <img
            alt="Husky avatar icon"
            className="MuiAvatar-img css-1pqm26d-MuiAvatar-img"
            src="../../images/dog.webp"
          />
        </div>
        <div
          className="MuiAvatar-root MuiAvatar-circular css-3cgv3-MuiAvatar-root"
        >
          <img
            alt="Greyhound avatar icon"
            className="MuiAvatar-img css-1pqm26d-MuiAvatar-img"
            src="../../images/greyhound.webp"
          />
        </div>
      </div>
      <h1
        className="MuiTypography-root MuiTypography-h5 register-title css-wtwr59-MuiTypography-root"
      >
        Create your account!
      </h1>
      <form
        className="MuiBox-root css-1y9cz7a"
        noValidate={true}
        onSubmit={[Function]}
      >
        <div
          className="MuiFormControl-root MuiFormControl-marginNormal MuiTextField-root register-input css-1rv3ei8-MuiFormControl-root-MuiTextField-root"
        >
          <label
            className="MuiInputLabel-root MuiInputLabel-formControl MuiInputLabel-animated MuiInputLabel-outlined MuiFormLabel-root MuiFormLabel-colorPrimary Mui-required css-15ycsir-MuiFormLabel-root-MuiInputLabel-root"
            data-shrink={false}
            htmlFor="name"
            id="name-label"
          >
            Name
            <span
              aria-hidden={true}
              className="MuiInputLabel-asterisk MuiFormLabel-asterisk css-dqj5rd-MuiFormLabel-asterisk"
            >
               
              *
            </span>
          </label>
          <div
            className="MuiOutlinedInput-root MuiInputBase-root MuiInputBase-colorPrimary MuiInputBase-formControl MuiInputBase-hiddenLabel css-1hybmvl-MuiInputBase-root-MuiOutlinedInput-root"
            onClick={[Function]}
          >
            <input
              aria-invalid={false}
              autoComplete="off"
              autoFocus={true}
              className="MuiOutlinedInput-input MuiInputBase-input MuiInputBase-inputHiddenLabel css-1t8l2tu-MuiInputBase-input-MuiOutlinedInput-input"
              disabled={false}
              id="name"
              name="name"
              onAnimationStart={[Function]}
              onBlur={[Function]}
              onChange={[Function]}
              onFocus={[Function]}
              required={true}
              type="name"
              value=""
            />
            <fieldset
              aria-hidden={true}
              className="MuiOutlinedInput-notchedOutline css-1d3z3hw-MuiOutlinedInput-notchedOutline"
            >
              <legend
                className="css-1ftyaf0"
              >
                <span>
                  Name
                   
                  *
                </span>
              </legend>
            </fieldset>
          </div>
        </div>
        <div
          className="MuiFormControl-root MuiFormControl-marginNormal MuiTextField-root register-input css-1rv3ei8-MuiFormControl-root-MuiTextField-root"
        >
          <label
            className="MuiInputLabel-root MuiInputLabel-formControl MuiInputLabel-animated MuiInputLabel-outlined MuiFormLabel-root MuiFormLabel-colorPrimary Mui-required css-15ycsir-MuiFormLabel-root-MuiInputLabel-root"
            data-shrink={false}
            htmlFor="username"
            id="username-label"
          >
            Username
            <span
              aria-hidden={true}
              className="MuiInputLabel-asterisk MuiFormLabel-asterisk css-dqj5rd-MuiFormLabel-asterisk"
            >
               
              *
            </span>
          </label>
          <div
            className="MuiOutlinedInput-root MuiInputBase-root MuiInputBase-colorPrimary MuiInputBase-formControl MuiInputBase-hiddenLabel css-1hybmvl-MuiInputBase-root-MuiOutlinedInput-root"
            onClick={[Function]}
          >
            <input
              aria-invalid={false}
              autoComplete="off"
              autoFocus={false}
              className="MuiOutlinedInput-input MuiInputBase-input MuiInputBase-inputHiddenLabel css-1t8l2tu-MuiInputBase-input-MuiOutlinedInput-input"
              disabled={false}
              id="username"
              name="username"
              onAnimationStart={[Function]}
              onBlur={[Function]}
              onChange={[Function]}
              onFocus={[Function]}
              placeholder="Username"
              required={true}
              type="username"
              value=""
            />
            <fieldset
              aria-hidden={true}
              className="MuiOutlinedInput-notchedOutline css-1d3z3hw-MuiOutlinedInput-notchedOutline"
            >
              <legend
                className="css-1ftyaf0"
              >
                <span>
                  Username
                   
                  *
                </span>
              </legend>
            </fieldset>
          </div>
        </div>
        <div
          className="MuiFormControl-root MuiFormControl-marginNormal MuiTextField-root register-input css-1rv3ei8-MuiFormControl-root-MuiTextField-root"
        >
          <label
            className="MuiInputLabel-root MuiInputLabel-formControl MuiInputLabel-animated MuiInputLabel-outlined MuiFormLabel-root MuiFormLabel-colorPrimary Mui-required css-15ycsir-MuiFormLabel-root-MuiInputLabel-root"
            data-shrink={false}
            htmlFor="password"
            id="password-label"
          >
            Password
            <span
              aria-hidden={true}
              className="MuiInputLabel-asterisk MuiFormLabel-asterisk css-dqj5rd-MuiFormLabel-asterisk"
            >
               
              *
            </span>
          </label>
          <div
            className="MuiOutlinedInput-root MuiInputBase-root MuiInputBase-colorPrimary MuiInputBase-formControl MuiInputBase-hiddenLabel css-1hybmvl-MuiInputBase-root-MuiOutlinedInput-root"
            onClick={[Function]}
          >
            <input
              aria-invalid={false}
              autoComplete="current-password"
              autoFocus={false}
              className="MuiOutlinedInput-input MuiInputBase-input MuiInputBase-inputHiddenLabel css-1t8l2tu-MuiInputBase-input-MuiOutlinedInput-input"
              disabled={false}
              id="password"
              name="password"
              onAnimationStart={[Function]}
              onBlur={[Function]}
              onChange={[Function]}
              onFocus={[Function]}
              required={true}
              type="password"
              value=""
            />
            <fieldset
              aria-hidden={true}
              className="MuiOutlinedInput-notchedOutline css-1d3z3hw-MuiOutlinedInput-notchedOutline"
            >
              <legend
                className="css-1ftyaf0"
              >
                <span>
                  Password
                   
                  *
                </span>
              </legend>
            </fieldset>
          </div>
        </div>
        <button
          className="MuiLoadingButton-root MuiButton-root MuiButton-contained MuiButton-containedPrimary MuiButton-sizeSmall MuiButton-containedSizeSmall MuiButton-fullWidth MuiButtonBase-root Mui-disabled register-input css-u6udi5-MuiButtonBase-root-MuiButton-root-MuiLoadingButton-root"
          disabled={true}
          id=":r3:"
          onBlur={[Function]}
          onContextMenu={[Function]}
          onDragLeave={[Function]}
          onFocus={[Function]}
          onKeyDown={[Function]}
          onKeyUp={[Function]}
          onMouseDown={[Function]}
          onMouseLeave={[Function]}
          onMouseUp={[Function]}
          onTouchEnd={[Function]}
          onTouchMove={[Function]}
          onTouchStart={[Function]}
          tabIndex={-1}
          type="submit"
        >
          Register
        </button>
        <div
          className="MuiGrid-root MuiGrid-container css-11lq3yg-MuiGrid-root"
          style={
            Object {
              "justifyContent": "center",
            }
          }
        >
          <div
            className="MuiGrid-root MuiGrid-item css-13i4rnv-MuiGrid-root"
          >
            <a
              className=""
              href="/login"
              onClick={[Function]}
              style={
                Object {
                  "textDecoration": "none",
                }
              }
            >
              Already have an account? Log in here
            </a>
          </div>
        </div>
      </form>
    </div>
  </main>
</div>
`;
